error[ifs_same_cond]: this `elseif` has the same condition as a previous if
  ┌─ ifs_same_cond.lua:2:8
  │
1 │ if x == 1 then
  │    ------ note: same as this
2 │ elseif x == 1 then
  │        ^^^^^^

error[ifs_same_cond]: this `elseif` has the same condition as a previous if
  ┌─ ifs_same_cond.lua:7:8
  │
6 │ elseif y == 1 then
  │        ------ note: same as this
7 │ elseif y == 1 then
  │        ^^^^^^

