error[multiple_statements]: only one statement per line is allowed
  ┌─ one_line_if_break_return_only.lua:1:14
  │
1 │ if true then foo() end
  │              ^^^^^

