error[roblox_incorrect_roact_usage]: `ThisPropertyDoesntExist` is not a property of `Frame`
  ┌─ roblox_incorrect_react_usage.lua:2:5
  │
2 │     ThisPropertyDoesntExist = true,
  │     ^^^^^^^^^^^^^^^^^^^^^^^

error[roblox_incorrect_roact_usage]: `ThisEventDoesntExist` is not a valid event for `Frame`
   ┌─ roblox_incorrect_react_usage.lua:11:5
   │
11 │     [React.Event.ThisEventDoesntExist] = function()
   │     ^^^^^^^^^^^^^^^^^^^^^^^^^^^^^^^^^^

error[roblox_incorrect_roact_usage]: `ThisPropertyDoesntExist` is not a property of `Frame`
   ┌─ roblox_incorrect_react_usage.lua:19:5
   │
19 │     ThisPropertyDoesntExist = true,
   │     ^^^^^^^^^^^^^^^^^^^^^^^

error[roblox_incorrect_roact_usage]: `ThisDoesntExist` is not a valid class
   ┌─ roblox_incorrect_react_usage.lua:22:3
   │
22 │ e("ThisDoesntExist", {})
   │   ^^^^^^^^^^^^^^^^^

error[roblox_incorrect_roact_usage]: `ThisDoesntExist` is not a valid class
   ┌─ roblox_incorrect_react_usage.lua:30:3
   │
30 │ e("ThisDoesntExist")
   │   ^^^^^^^^^^^^^^^^^

error[roblox_incorrect_roact_usage]: `Name` is assigned through the element's key for Roblox instances
   ┌─ roblox_incorrect_react_usage.lua:41:5
   │
41 │     Name = "Should not be passed",
   │     ^^^^
   │
   = try: ["Should not be passed"] = e(...)

error[roblox_incorrect_roact_usage]: `Name` is assigned through the element's key for Roblox instances
   ┌─ roblox_incorrect_react_usage.lua:45:5
   │
45 │     Name = "Should.not.be.passed",
   │     ^^^^
   │
   = try: ["Should.not.be.passed"] = e(...)

error[roblox_incorrect_roact_usage]: `Name` is assigned through the element's key for Roblox instances
   ┌─ roblox_incorrect_react_usage.lua:49:5
   │
49 │     Name = "0Should0not0be0passed",
   │     ^^^^
   │
   = try: ["0Should0not0be0passed"] = e(...)

error[roblox_incorrect_roact_usage]: `Name` is assigned through the element's key for Roblox instances
   ┌─ roblox_incorrect_react_usage.lua:53:5
   │
53 │     Name = "Should0not0be0passed",
   │     ^^^^
   │
   = try: Should0not0be0passed = e(...)

error[roblox_incorrect_roact_usage]: `Name` is assigned through the element's key for Roblox instances
   ┌─ roblox_incorrect_react_usage.lua:57:5
   │
57 │     Name = "_Should_not_be_passed",
   │     ^^^^
   │
   = try: _Should_not_be_passed = e(...)

error[roblox_incorrect_roact_usage]: `Name` is assigned through the element's key for Roblox instances
   ┌─ roblox_incorrect_react_usage.lua:61:5
   │
61 │     Name = "ShouldNotBePassed",
   │     ^^^^
   │
   = try: ShouldNotBePassed = e(...)

error[roblox_incorrect_roact_usage]: `Name` is assigned through the element's key for Roblox instances
   ┌─ roblox_incorrect_react_usage.lua:65:5
   │
65 │     Name = a,
   │     ^^^^
   │
   = try: [a] = React.createElement(...)

