error[incorrect_standard_library_use]: standard library global `_G` is not overridable
  ┌─ writing.lua:3:1
  │
3 │ _G = {}
  │ ^^

error[incorrect_standard_library_use]: standard library global `math.pi` is not writable
  ┌─ writing.lua:5:1
  │
5 │ math.pi = 3
  │ ^^^^^^^

error[incorrect_standard_library_use]: standard library global `math` does not contain the field `foo`
  ┌─ writing.lua:6:1
  │
6 │ math.foo = 4
  │ ^^^^^^^^

