error[duplicate_keys]: key `1` is already declared
  ┌─ number_indices.lua:4:2
  │
2 │     "foo",
  │     ----- `1` originally declared here
3 │     "bar",
4 │     [1] = true,
  │     ^^^^^^^^^^

error[duplicate_keys]: key `3` is already declared
   ┌─ number_indices.lua:14:2
   │
12 │     "baz",
   │     ----- `3` originally declared here
13 │     "foo",
14 │     [3] = "5",
   │     ^^^^^^^^^

error[duplicate_keys]: key `0` is already declared
   ┌─ number_indices.lua:20:2
   │
18 │     [0] = true,
   │     ---------- `0` originally declared here
19 │     [1] = false,
20 │     [0] = false,
   │     ^^^^^^^^^^^

