error[empty_loop]: empty loop block
   ┌─ empty_loop_comments.lua:19:1
   │  
19 │ ╭ for _ = 1, 10 do
20 │ │ 
21 │ │ 
22 │ │ 
23 │ │ end
   │ ╰───^

error[empty_loop]: empty loop block
   ┌─ empty_loop_comments.lua:29:1
   │  
29 │ ╭ for _ in pairs({}) do
30 │ │ end
   │ ╰───^

error[empty_loop]: empty loop block
   ┌─ empty_loop_comments.lua:36:1
   │  
36 │ ╭ for _ in ipairs({}) do
37 │ │ end
   │ ╰───^

error[empty_loop]: empty loop block
   ┌─ empty_loop_comments.lua:43:1
   │  
43 │ ╭ for _ in {} do
44 │ │ end
   │ ╰───^

error[empty_loop]: empty loop block
   ┌─ empty_loop_comments.lua:50:1
   │  
50 │ ╭ for _ in a() do
51 │ │ end
   │ ╰───^

error[empty_loop]: empty loop block
   ┌─ empty_loop_comments.lua:57:1
   │  
57 │ ╭ while true do
58 │ │ end
   │ ╰───^

error[empty_loop]: empty loop block
   ┌─ empty_loop_comments.lua:64:1
   │  
64 │ ╭ repeat
65 │ │ until true
   │ ╰──────────^

